// Jest Snapshot v1, https://goo.gl/fbAQLP

exports[`@nx-squeezer/renovate renovate generator should generate renovate-config.js 1`] = `
"module.exports = {
  repositories: ['test/test'],
  branchPrefix: 'renovate-github/',
  dryRun: null,
  gitAuthor: 'Renovate Bot GitHub <bot@renovateapp.com>',
  platform: 'github',
  includeForks: false,
  dependencyDashboard: true,
  onboarding: true,
  autodiscover: false,
  allowCustomCrateRegistries: true,
  allowScripts: true,
  exposeAllEnv: true,
  allowPostUpgradeCommandTemplating: true,
  allowedPostUpgradeCommands: [
    '^npm ci --ignore-scripts$',
    '^npm install --ignore-scripts$',
    '^npm run prepare --if-present$',
    '^npm run format --if-present$',
    '^npx --no-install ng update (@[a-z0-9-~][a-z0-9-._~]*\\\\/)?[a-z0-9-~][a-z0-9-._~]* --from=\\\\d+\\\\.\\\\d+\\\\.\\\\d+ --to=\\\\d+\\\\.\\\\d+\\\\.\\\\d+ --migrate-only --allow-dirty --force$',
    '^npx --no-install ng lint --fix$',
    '^npx --no-install nx migrate',
    '^rm -f migrations.json$',
    '^npx --no-install nx run-many --target=lint --all --parallel --fix --skip-nx-cache$',
  ],
};
"
`;

exports[`@nx-squeezer/renovate renovate generator should generate the Renovate CI workflow 1`] = `
{
  "jobs": {
    "renovate": {
      "name": "Renovate",
      "runs-on": "ubuntu-latest",
      "steps": [
        {
          "name": "Checkout repo",
          "uses": "actions/checkout@v3.1.0",
        },
        {
          "env": {
            "LOG_LEVEL": "debug",
            "NX_CLOUD_AUTH_TOKEN": "\${{ secrets.NX_CLOUD_AUTH_TOKEN }}",
          },
          "name": "Self-hosted Renovate",
          "uses": "renovatebot/github-action@v32.217.0",
          "with": {
            "configurationFile": ".github/renovate-config.js",
            "token": "\${{ secrets.RENOVATE_TOKEN }}",
          },
        },
      ],
    },
  },
  "name": "Renovate",
  "on": {
    "schedule": [
      {
        "cron": "0/15 * * * *",
      },
    ],
    "workflow_dispatch": null,
  },
}
`;
